// Jest Snapshot v1, https://goo.gl/fbAQLP

exports[`<NavBar /> should render correctly 1`] = `
<nav>
  Test
</nav>
`;

exports[`<NavBar /> should render correctly 2`] = `
<nav>
  <ul>
    <li
      key="0"
      role="none"
    >
      <Link
        replace={false}
        role="menuitem"
        to="/1"
      >
        Link 1
      </Link>
    </li>
    <li
      key="1"
      role="none"
    >
      <Link
        replace={false}
        role="menuitem"
        to="/2"
      >
        Link 2
      </Link>
    </li>
  </ul>
</nav>
`;
